{
  "defaultNamespace" : "local",
  "adapters" : [
    {
      "type" : "local",
      "config" : {
        "root": "..\\..\\..\\testData\\Samples\\TestSearchPartitionPattern\\ActualOutput-Java",
        "locationHint" : ""
      },
      "namespace" : "local"
    },
    {
      "type" : "local",
      "config" : {
        "root" : "../../../samples/example-public-standards",
        "locationHint" : ""
      },
      "namespace" : "cdm"
    }
  ]
}