Resolved_FriendGroup_referenceOnly_normalized_structured/attributeContext/Resolved_FriendGroup_referenceOnly_normalized_structured/extends
Resolved_FriendGroup_referenceOnly_normalized_structured/attributeContext/Resolved_FriendGroup_referenceOnly_normalized_structured/extends/CdmEntity
Resolved_FriendGroup_referenceOnly_normalized_structured/attributeContext/Resolved_FriendGroup_referenceOnly_normalized_structured/GroupOfPeople
Resolved_FriendGroup_referenceOnly_normalized_structured/attributeContext/Resolved_FriendGroup_referenceOnly_normalized_structured/GroupOfPeople/projection
Resolved_FriendGroup_referenceOnly_normalized_structured/attributeContext/Resolved_FriendGroup_referenceOnly_normalized_structured/GroupOfPeople/projection/source
Resolved_FriendGroup_referenceOnly_normalized_structured/attributeContext/Resolved_FriendGroup_referenceOnly_normalized_structured/GroupOfPeople/projection/source/projection
Resolved_FriendGroup_referenceOnly_normalized_structured/attributeContext/Resolved_FriendGroup_referenceOnly_normalized_structured/GroupOfPeople/projection/source/projection/source
Resolved_FriendGroup_referenceOnly_normalized_structured/attributeContext/Resolved_FriendGroup_referenceOnly_normalized_structured/GroupOfPeople/projection/source/projection/source/ThreeMusketeers
Resolved_FriendGroup_referenceOnly_normalized_structured/attributeContext/Resolved_FriendGroup_referenceOnly_normalized_structured/GroupOfPeople/projection/source/projection/source/ThreeMusketeers/extends
Resolved_FriendGroup_referenceOnly_normalized_structured/attributeContext/Resolved_FriendGroup_referenceOnly_normalized_structured/GroupOfPeople/projection/source/projection/source/ThreeMusketeers/extends/CdmEntity
Resolved_FriendGroup_referenceOnly_normalized_structured/attributeContext/Resolved_FriendGroup_referenceOnly_normalized_structured/GroupOfPeople/projection/source/projection/source/ThreeMusketeers/ThreePeople
Resolved_FriendGroup_referenceOnly_normalized_structured/attributeContext/Resolved_FriendGroup_referenceOnly_normalized_structured/GroupOfPeople/projection/source/projection/source/ThreeMusketeers/ThreePeople/Person
Resolved_FriendGroup_referenceOnly_normalized_structured/attributeContext/Resolved_FriendGroup_referenceOnly_normalized_structured/GroupOfPeople/projection/source/projection/source/ThreeMusketeers/ThreePeople/Person/extends
Resolved_FriendGroup_referenceOnly_normalized_structured/attributeContext/Resolved_FriendGroup_referenceOnly_normalized_structured/GroupOfPeople/projection/source/projection/source/ThreeMusketeers/ThreePeople/Person/extends/CdmEntity
Resolved_FriendGroup_referenceOnly_normalized_structured/attributeContext/Resolved_FriendGroup_referenceOnly_normalized_structured/GroupOfPeople/projection/source/projection/source/ThreeMusketeers/ThreePeople/Person/name
Resolved_FriendGroup_referenceOnly_normalized_structured/attributeContext/Resolved_FriendGroup_referenceOnly_normalized_structured/GroupOfPeople/projection/source/projection/source/ThreeMusketeers/ThreePeople/Person/age
Resolved_FriendGroup_referenceOnly_normalized_structured/attributeContext/Resolved_FriendGroup_referenceOnly_normalized_structured/GroupOfPeople/projection/source/projection/source/ThreeMusketeers/ThreePeople/Person/address
Resolved_FriendGroup_referenceOnly_normalized_structured/attributeContext/Resolved_FriendGroup_referenceOnly_normalized_structured/GroupOfPeople/projection/source/projection/source/ThreeMusketeers/ThreePeople/_generatedAttributeSet
Resolved_FriendGroup_referenceOnly_normalized_structured/attributeContext/Resolved_FriendGroup_referenceOnly_normalized_structured/GroupOfPeople/projection/source/projection/source/ThreeMusketeers/ThreePeople/_generatedAttributeSet/personCount
output:/Resolved_FriendGroup_referenceOnly_normalized_structured.cdm.json/Resolved_FriendGroup_referenceOnly_normalized_structured/attributeContext/Resolved_FriendGroup_referenceOnly_normalized_structured/GroupOfPeople/projection/source/projection/source/ThreeMusketeers/ThreePeople/_generatedAttributeSet/personCount/Resolved_FriendGroup_referenceOnly_normalized_structured/hasAttributes/personCount/(ref)
Resolved_FriendGroup_referenceOnly_normalized_structured/attributeContext/Resolved_FriendGroup_referenceOnly_normalized_structured/GroupOfPeople/projection/source/projection/source/ThreeMusketeers/ThreePeople/_generatedAttributeSet/_generatedAttributeRound0
Resolved_FriendGroup_referenceOnly_normalized_structured/attributeContext/Resolved_FriendGroup_referenceOnly_normalized_structured/GroupOfPeople/projection/source/projection/source/ThreeMusketeers/ThreePeople/_generatedAttributeSet/_generatedAttributeRound0/name1
output:/Resolved_FriendGroup_referenceOnly_normalized_structured.cdm.json/Resolved_FriendGroup_referenceOnly_normalized_structured/attributeContext/Resolved_FriendGroup_referenceOnly_normalized_structured/GroupOfPeople/projection/source/projection/source/ThreeMusketeers/ThreePeople/_generatedAttributeSet/_generatedAttributeRound0/name1/Resolved_FriendGroup_referenceOnly_normalized_structured/hasAttributes/name1/(ref)
Resolved_FriendGroup_referenceOnly_normalized_structured/attributeContext/Resolved_FriendGroup_referenceOnly_normalized_structured/GroupOfPeople/projection/source/projection/source/ThreeMusketeers/ThreePeople/_generatedAttributeSet/_generatedAttributeRound0/age1
output:/Resolved_FriendGroup_referenceOnly_normalized_structured.cdm.json/Resolved_FriendGroup_referenceOnly_normalized_structured/attributeContext/Resolved_FriendGroup_referenceOnly_normalized_structured/GroupOfPeople/projection/source/projection/source/ThreeMusketeers/ThreePeople/_generatedAttributeSet/_generatedAttributeRound0/age1/Resolved_FriendGroup_referenceOnly_normalized_structured/hasAttributes/age1/(ref)
Resolved_FriendGroup_referenceOnly_normalized_structured/attributeContext/Resolved_FriendGroup_referenceOnly_normalized_structured/GroupOfPeople/projection/source/projection/source/ThreeMusketeers/ThreePeople/_generatedAttributeSet/_generatedAttributeRound0/address1
output:/Resolved_FriendGroup_referenceOnly_normalized_structured.cdm.json/Resolved_FriendGroup_referenceOnly_normalized_structured/attributeContext/Resolved_FriendGroup_referenceOnly_normalized_structured/GroupOfPeople/projection/source/projection/source/ThreeMusketeers/ThreePeople/_generatedAttributeSet/_generatedAttributeRound0/address1/Resolved_FriendGroup_referenceOnly_normalized_structured/hasAttributes/address1/(ref)
Resolved_FriendGroup_referenceOnly_normalized_structured/attributeContext/Resolved_FriendGroup_referenceOnly_normalized_structured/GroupOfPeople/projection/source/projection/source/ThreeMusketeers/ThreePeople/_generatedAttributeSet/_generatedAttributeRound1
Resolved_FriendGroup_referenceOnly_normalized_structured/attributeContext/Resolved_FriendGroup_referenceOnly_normalized_structured/GroupOfPeople/projection/source/projection/source/ThreeMusketeers/ThreePeople/_generatedAttributeSet/_generatedAttributeRound1/name2
output:/Resolved_FriendGroup_referenceOnly_normalized_structured.cdm.json/Resolved_FriendGroup_referenceOnly_normalized_structured/attributeContext/Resolved_FriendGroup_referenceOnly_normalized_structured/GroupOfPeople/projection/source/projection/source/ThreeMusketeers/ThreePeople/_generatedAttributeSet/_generatedAttributeRound1/name2/Resolved_FriendGroup_referenceOnly_normalized_structured/hasAttributes/name2/(ref)
Resolved_FriendGroup_referenceOnly_normalized_structured/attributeContext/Resolved_FriendGroup_referenceOnly_normalized_structured/GroupOfPeople/projection/source/projection/source/ThreeMusketeers/ThreePeople/_generatedAttributeSet/_generatedAttributeRound1/age2
output:/Resolved_FriendGroup_referenceOnly_normalized_structured.cdm.json/Resolved_FriendGroup_referenceOnly_normalized_structured/attributeContext/Resolved_FriendGroup_referenceOnly_normalized_structured/GroupOfPeople/projection/source/projection/source/ThreeMusketeers/ThreePeople/_generatedAttributeSet/_generatedAttributeRound1/age2/Resolved_FriendGroup_referenceOnly_normalized_structured/hasAttributes/age2/(ref)
Resolved_FriendGroup_referenceOnly_normalized_structured/attributeContext/Resolved_FriendGroup_referenceOnly_normalized_structured/GroupOfPeople/projection/source/projection/source/ThreeMusketeers/ThreePeople/_generatedAttributeSet/_generatedAttributeRound1/address2
output:/Resolved_FriendGroup_referenceOnly_normalized_structured.cdm.json/Resolved_FriendGroup_referenceOnly_normalized_structured/attributeContext/Resolved_FriendGroup_referenceOnly_normalized_structured/GroupOfPeople/projection/source/projection/source/ThreeMusketeers/ThreePeople/_generatedAttributeSet/_generatedAttributeRound1/address2/Resolved_FriendGroup_referenceOnly_normalized_structured/hasAttributes/address2/(ref)
output:/Resolved_FriendGroup_referenceOnly_normalized_structured.cdm.json/Resolved_FriendGroup_referenceOnly_normalized_structured/hasAttributes/personCount
is.dataFormat.integer
is.linkedEntity.array.count
is.dataFormat.integer
output:/Resolved_FriendGroup_referenceOnly_normalized_structured.cdm.json/Resolved_FriendGroup_referenceOnly_normalized_structured/hasAttributes/name1
is.dataFormat.character
is.dataFormat.big
is.dataFormat.array
is.dataFormat.character
is.dataFormat.array
output:/Resolved_FriendGroup_referenceOnly_normalized_structured.cdm.json/Resolved_FriendGroup_referenceOnly_normalized_structured/hasAttributes/age1
is.dataFormat.integer
is.dataFormat.integer
output:/Resolved_FriendGroup_referenceOnly_normalized_structured.cdm.json/Resolved_FriendGroup_referenceOnly_normalized_structured/hasAttributes/address1
is.dataFormat.character
is.dataFormat.big
is.dataFormat.array
is.dataFormat.character
is.dataFormat.array
output:/Resolved_FriendGroup_referenceOnly_normalized_structured.cdm.json/Resolved_FriendGroup_referenceOnly_normalized_structured/hasAttributes/name2
is.dataFormat.character
is.dataFormat.big
is.dataFormat.array
is.dataFormat.character
is.dataFormat.array
output:/Resolved_FriendGroup_referenceOnly_normalized_structured.cdm.json/Resolved_FriendGroup_referenceOnly_normalized_structured/hasAttributes/age2
is.dataFormat.integer
is.dataFormat.integer
output:/Resolved_FriendGroup_referenceOnly_normalized_structured.cdm.json/Resolved_FriendGroup_referenceOnly_normalized_structured/hasAttributes/address2
is.dataFormat.character
is.dataFormat.big
is.dataFormat.array
is.dataFormat.character
is.dataFormat.array
