Resolved_ThreeMusketeers_structured/attributeContext/Resolved_ThreeMusketeers_structured/extends
Resolved_ThreeMusketeers_structured/attributeContext/Resolved_ThreeMusketeers_structured/extends/CdmEntity
Resolved_ThreeMusketeers_structured/attributeContext/Resolved_ThreeMusketeers_structured/ThreePeople
Resolved_ThreeMusketeers_structured/attributeContext/Resolved_ThreeMusketeers_structured/ThreePeople/projection
Resolved_ThreeMusketeers_structured/attributeContext/Resolved_ThreeMusketeers_structured/ThreePeople/projection/source
Resolved_ThreeMusketeers_structured/attributeContext/Resolved_ThreeMusketeers_structured/ThreePeople/projection/source/projection
Resolved_ThreeMusketeers_structured/attributeContext/Resolved_ThreeMusketeers_structured/ThreePeople/projection/source/projection/source
Resolved_ThreeMusketeers_structured/attributeContext/Resolved_ThreeMusketeers_structured/ThreePeople/projection/source/projection/source/projection
Resolved_ThreeMusketeers_structured/attributeContext/Resolved_ThreeMusketeers_structured/ThreePeople/projection/source/projection/source/projection/source
Resolved_ThreeMusketeers_structured/attributeContext/Resolved_ThreeMusketeers_structured/ThreePeople/projection/source/projection/source/projection/source/Person
Resolved_ThreeMusketeers_structured/attributeContext/Resolved_ThreeMusketeers_structured/ThreePeople/projection/source/projection/source/projection/source/Person/extends
Resolved_ThreeMusketeers_structured/attributeContext/Resolved_ThreeMusketeers_structured/ThreePeople/projection/source/projection/source/projection/source/Person/extends/CdmEntity
Resolved_ThreeMusketeers_structured/attributeContext/Resolved_ThreeMusketeers_structured/ThreePeople/projection/source/projection/source/projection/source/Person/age
Resolved_ThreeMusketeers_structured/attributeContext/Resolved_ThreeMusketeers_structured/ThreePeople/projection/source/projection/source/projection/source/Person/address
Resolved_ThreeMusketeers_structured/attributeContext/Resolved_ThreeMusketeers_structured/ThreePeople/projection/source/projection/source/projection/source/Person/name
output:/Resolved_ThreeMusketeers_structured.cdm.json/Resolved_ThreeMusketeers_structured/attributeContext/Resolved_ThreeMusketeers_structured/ThreePeople/projection/source/projection/source/projection/source/Person/name/Resolved_ThreeMusketeers_structured/hasAttributes/name/(ref)
output:/Resolved_ThreeMusketeers_structured.cdm.json/Resolved_ThreeMusketeers_structured/hasAttributes/name
is.dataFormat.character
is.dataFormat.big
is.dataFormat.array
is.dataFormat.character
is.dataFormat.array
