Resolved_ThreeMusketeers_referenceOnly_structured/attributeContext/Resolved_ThreeMusketeers_referenceOnly_structured/extends
Resolved_ThreeMusketeers_referenceOnly_structured/attributeContext/Resolved_ThreeMusketeers_referenceOnly_structured/extends/projection
Resolved_ThreeMusketeers_referenceOnly_structured/attributeContext/Resolved_ThreeMusketeers_referenceOnly_structured/extends/projection/source
Resolved_ThreeMusketeers_referenceOnly_structured/attributeContext/Resolved_ThreeMusketeers_referenceOnly_structured/extends/projection/source/projection
Resolved_ThreeMusketeers_referenceOnly_structured/attributeContext/Resolved_ThreeMusketeers_referenceOnly_structured/extends/projection/source/projection/source
Resolved_ThreeMusketeers_referenceOnly_structured/attributeContext/Resolved_ThreeMusketeers_referenceOnly_structured/extends/projection/source/projection/source/Person
Resolved_ThreeMusketeers_referenceOnly_structured/attributeContext/Resolved_ThreeMusketeers_referenceOnly_structured/extends/projection/source/projection/source/Person/extends
Resolved_ThreeMusketeers_referenceOnly_structured/attributeContext/Resolved_ThreeMusketeers_referenceOnly_structured/extends/projection/source/projection/source/Person/extends/CdmEntity
Resolved_ThreeMusketeers_referenceOnly_structured/attributeContext/Resolved_ThreeMusketeers_referenceOnly_structured/extends/projection/source/projection/source/Person/name
output:/Resolved_ThreeMusketeers_referenceOnly_structured.cdm.json/Resolved_ThreeMusketeers_referenceOnly_structured/attributeContext/Resolved_ThreeMusketeers_referenceOnly_structured/extends/projection/source/projection/source/Person/name/Resolved_ThreeMusketeers_referenceOnly_structured/hasAttributes/name/(ref)
Resolved_ThreeMusketeers_referenceOnly_structured/attributeContext/Resolved_ThreeMusketeers_referenceOnly_structured/extends/projection/source/projection/source/Person/age
output:/Resolved_ThreeMusketeers_referenceOnly_structured.cdm.json/Resolved_ThreeMusketeers_referenceOnly_structured/attributeContext/Resolved_ThreeMusketeers_referenceOnly_structured/extends/projection/source/projection/source/Person/age/Resolved_ThreeMusketeers_referenceOnly_structured/hasAttributes/age/(ref)
Resolved_ThreeMusketeers_referenceOnly_structured/attributeContext/Resolved_ThreeMusketeers_referenceOnly_structured/extends/projection/source/projection/source/Person/address
output:/Resolved_ThreeMusketeers_referenceOnly_structured.cdm.json/Resolved_ThreeMusketeers_referenceOnly_structured/attributeContext/Resolved_ThreeMusketeers_referenceOnly_structured/extends/projection/source/projection/source/Person/address/Resolved_ThreeMusketeers_referenceOnly_structured/hasAttributes/address/(ref)
output:/Resolved_ThreeMusketeers_referenceOnly_structured.cdm.json/Resolved_ThreeMusketeers_referenceOnly_structured/hasAttributes/name
is.dataFormat.character
is.dataFormat.big
is.dataFormat.array
is.dataFormat.character
is.dataFormat.array
output:/Resolved_ThreeMusketeers_referenceOnly_structured.cdm.json/Resolved_ThreeMusketeers_referenceOnly_structured/hasAttributes/age
is.dataFormat.integer
is.dataFormat.integer
output:/Resolved_ThreeMusketeers_referenceOnly_structured.cdm.json/Resolved_ThreeMusketeers_referenceOnly_structured/hasAttributes/address
is.dataFormat.character
is.dataFormat.big
is.dataFormat.array
is.dataFormat.character
is.dataFormat.array
