Resolved_NewPerson_normalized_structured/attributeContext/Resolved_NewPerson_normalized_structured/extends
Resolved_NewPerson_normalized_structured/attributeContext/Resolved_NewPerson_normalized_structured/extends/CdmEntity
Resolved_NewPerson_normalized_structured/attributeContext/Resolved_NewPerson_normalized_structured/PersonInfo
Resolved_NewPerson_normalized_structured/attributeContext/Resolved_NewPerson_normalized_structured/PersonInfo/projection
Resolved_NewPerson_normalized_structured/attributeContext/Resolved_NewPerson_normalized_structured/PersonInfo/projection/source
Resolved_NewPerson_normalized_structured/attributeContext/Resolved_NewPerson_normalized_structured/PersonInfo/projection/source/projection
Resolved_NewPerson_normalized_structured/attributeContext/Resolved_NewPerson_normalized_structured/PersonInfo/projection/source/projection/source
Resolved_NewPerson_normalized_structured/attributeContext/Resolved_NewPerson_normalized_structured/PersonInfo/projection/source/projection/source/projection
Resolved_NewPerson_normalized_structured/attributeContext/Resolved_NewPerson_normalized_structured/PersonInfo/projection/source/projection/source/projection/source
Resolved_NewPerson_normalized_structured/attributeContext/Resolved_NewPerson_normalized_structured/PersonInfo/projection/source/projection/source/projection/source/projection
Resolved_NewPerson_normalized_structured/attributeContext/Resolved_NewPerson_normalized_structured/PersonInfo/projection/source/projection/source/projection/source/projection/source
Resolved_NewPerson_normalized_structured/attributeContext/Resolved_NewPerson_normalized_structured/PersonInfo/projection/source/projection/source/projection/source/projection/source/Person
Resolved_NewPerson_normalized_structured/attributeContext/Resolved_NewPerson_normalized_structured/PersonInfo/projection/source/projection/source/projection/source/projection/source/Person/extends
Resolved_NewPerson_normalized_structured/attributeContext/Resolved_NewPerson_normalized_structured/PersonInfo/projection/source/projection/source/projection/source/projection/source/Person/extends/CdmEntity
Resolved_NewPerson_normalized_structured/attributeContext/Resolved_NewPerson_normalized_structured/PersonInfo/projection/source/projection/source/projection/source/projection/source/Person/name
Resolved_NewPerson_normalized_structured/attributeContext/Resolved_NewPerson_normalized_structured/PersonInfo/projection/source/projection/source/projection/source/projection/source/Person/age
Resolved_NewPerson_normalized_structured/attributeContext/Resolved_NewPerson_normalized_structured/PersonInfo/projection/source/projection/source/projection/source/projection/source/Person/address
Resolved_NewPerson_normalized_structured/attributeContext/Resolved_NewPerson_normalized_structured/PersonInfo/projection/source/projection/source/projection/source/projection/source/Person/phoneNumber
Resolved_NewPerson_normalized_structured/attributeContext/Resolved_NewPerson_normalized_structured/PersonInfo/projection/source/projection/source/projection/source/projection/source/Person/email
Resolved_NewPerson_normalized_structured/attributeContext/Resolved_NewPerson_normalized_structured/PersonInfo/projection/source/_generatedAttributeSet
Resolved_NewPerson_normalized_structured/attributeContext/Resolved_NewPerson_normalized_structured/PersonInfo/projection/source/_generatedAttributeSet/operation/index1/operationIncludeAttributes
Resolved_NewPerson_normalized_structured/attributeContext/Resolved_NewPerson_normalized_structured/PersonInfo/projection/source/_generatedAttributeSet/operation/index1/operationIncludeAttributes/age
output:/Resolved_NewPerson_normalized_structured.cdm.json/Resolved_NewPerson_normalized_structured/attributeContext/Resolved_NewPerson_normalized_structured/PersonInfo/projection/source/_generatedAttributeSet/operation/index1/operationIncludeAttributes/age/Resolved_NewPerson_normalized_structured/hasAttributes/age/(ref)
output:/Resolved_NewPerson_normalized_structured.cdm.json/Resolved_NewPerson_normalized_structured/hasAttributes/age
is.dataFormat.integer
is.dataFormat.integer
