Resolved_NewPerson/attributeContext/Resolved_NewPerson/extends
Resolved_NewPerson/attributeContext/Resolved_NewPerson/extends/CdmEntity
Resolved_NewPerson/attributeContext/Resolved_NewPerson/FavoriteTerms
Resolved_NewPerson/attributeContext/Resolved_NewPerson/FavoriteTerms/projection
Resolved_NewPerson/attributeContext/Resolved_NewPerson/FavoriteTerms/projection/source
Resolved_NewPerson/attributeContext/Resolved_NewPerson/FavoriteTerms/_generatedAttributeSet
Resolved_NewPerson/attributeContext/Resolved_NewPerson/FavoriteTerms/_generatedAttributeSet/operation/index1/operationAddArtifactAttribute
Resolved_NewPerson/attributeContext/Resolved_NewPerson/FavoriteTerms/_generatedAttributeSet/operation/index1/operationAddArtifactAttribute/Term key
Resolved_NewPerson/attributeContext/Resolved_NewPerson/FavoriteTerms/_generatedAttributeSet/operation/index2/operationArrayExpansion
Resolved_NewPerson/attributeContext/Resolved_NewPerson/FavoriteTerms/_generatedAttributeSet/operation/index2/operationArrayExpansion/_generatedAttributeRound0
Resolved_NewPerson/attributeContext/Resolved_NewPerson/FavoriteTerms/_generatedAttributeSet/operation/index2/operationArrayExpansion/_generatedAttributeRound0/Term key@1
Resolved_NewPerson/attributeContext/Resolved_NewPerson/FavoriteTerms/_generatedAttributeSet/operation/index2/operationArrayExpansion/_generatedAttributeRound0/FavoriteTerms@1
Resolved_NewPerson/attributeContext/Resolved_NewPerson/FavoriteTerms/_generatedAttributeSet/operation/index2/operationArrayExpansion/_generatedAttributeRound1
Resolved_NewPerson/attributeContext/Resolved_NewPerson/FavoriteTerms/_generatedAttributeSet/operation/index2/operationArrayExpansion/_generatedAttributeRound1/Term key@2
Resolved_NewPerson/attributeContext/Resolved_NewPerson/FavoriteTerms/_generatedAttributeSet/operation/index2/operationArrayExpansion/_generatedAttributeRound1/FavoriteTerms@2
Resolved_NewPerson/attributeContext/Resolved_NewPerson/FavoriteTerms/_generatedAttributeSet/operation/index3/operationRenameAttributes
Resolved_NewPerson/attributeContext/Resolved_NewPerson/FavoriteTerms/_generatedAttributeSet/operation/index3/operationRenameAttributes/FavoriteTerms
Resolved_NewPerson/attributeContext/Resolved_NewPerson/FavoriteTerms/_generatedAttributeSet/operation/index3/operationRenameAttributes/FavoriteTerms/FavoriteTerms@1
Resolved_NewPerson/attributeContext/Resolved_NewPerson/FavoriteTerms/_generatedAttributeSet/operation/index3/operationRenameAttributes/FavoriteTerms/FavoriteTerms@1/FavoriteTerms_1_value
Resolved_NewPerson/attributeContext/Resolved_NewPerson/FavoriteTerms/_generatedAttributeSet/operation/index3/operationRenameAttributes/FavoriteTerms/FavoriteTerms@2
Resolved_NewPerson/attributeContext/Resolved_NewPerson/FavoriteTerms/_generatedAttributeSet/operation/index3/operationRenameAttributes/FavoriteTerms/FavoriteTerms@2/FavoriteTerms_2_value
Resolved_NewPerson/attributeContext/Resolved_NewPerson/FavoriteTerms/_generatedAttributeSet/operation/index4/operationRenameAttributes
Resolved_NewPerson/attributeContext/Resolved_NewPerson/FavoriteTerms/_generatedAttributeSet/operation/index4/operationRenameAttributes/Term key
Resolved_NewPerson/attributeContext/Resolved_NewPerson/FavoriteTerms/_generatedAttributeSet/operation/index4/operationRenameAttributes/Term key/Term key@1
Resolved_NewPerson/attributeContext/Resolved_NewPerson/FavoriteTerms/_generatedAttributeSet/operation/index4/operationRenameAttributes/Term key/Term key@1/Term key_1_key
Resolved_NewPerson/attributeContext/Resolved_NewPerson/FavoriteTerms/_generatedAttributeSet/operation/index4/operationRenameAttributes/Term key/Term key@2
Resolved_NewPerson/attributeContext/Resolved_NewPerson/FavoriteTerms/_generatedAttributeSet/operation/index4/operationRenameAttributes/Term key/Term key@2/Term key_2_key
Resolved_NewPerson/attributeContext/Resolved_NewPerson/FavoriteTerms/_generatedAttributeSet/operation/index7/operationAddArtifactAttribute
Resolved_NewPerson/attributeContext/Resolved_NewPerson/FavoriteTerms/_generatedAttributeSet/operation/index7/operationAddArtifactAttribute/number of favorite terms
Resolved_NewPerson/attributeContext/Resolved_NewPerson/FavoriteTerms/_generatedAttributeSet/operation/index6/operationAlterTraits
Resolved_NewPerson/attributeContext/Resolved_NewPerson/FavoriteTerms/_generatedAttributeSet/operation/index6/operationAlterTraits/Term key_1_key
output:/Resolved_NewPerson.cdm.json/Resolved_NewPerson/attributeContext/Resolved_NewPerson/FavoriteTerms/_generatedAttributeSet/operation/index6/operationAlterTraits/Term key_1_key/Resolved_NewPerson/hasAttributes/Term key_1_key/(ref)
Resolved_NewPerson/attributeContext/Resolved_NewPerson/FavoriteTerms/_generatedAttributeSet/operation/index6/operationAlterTraits/Term key_2_key
output:/Resolved_NewPerson.cdm.json/Resolved_NewPerson/attributeContext/Resolved_NewPerson/FavoriteTerms/_generatedAttributeSet/operation/index6/operationAlterTraits/Term key_2_key/Resolved_NewPerson/hasAttributes/Term key_2_key/(ref)
Resolved_NewPerson/attributeContext/Resolved_NewPerson/FavoriteTerms/_generatedAttributeSet/operation/index5/operationAlterTraits
Resolved_NewPerson/attributeContext/Resolved_NewPerson/FavoriteTerms/_generatedAttributeSet/operation/index5/operationAlterTraits/FavoriteTerms_1_value
output:/Resolved_NewPerson.cdm.json/Resolved_NewPerson/attributeContext/Resolved_NewPerson/FavoriteTerms/_generatedAttributeSet/operation/index5/operationAlterTraits/FavoriteTerms_1_value/Resolved_NewPerson/hasAttributes/FavoriteTerms_1_value/(ref)
Resolved_NewPerson/attributeContext/Resolved_NewPerson/FavoriteTerms/_generatedAttributeSet/operation/index5/operationAlterTraits/FavoriteTerms_2_value
output:/Resolved_NewPerson.cdm.json/Resolved_NewPerson/attributeContext/Resolved_NewPerson/FavoriteTerms/_generatedAttributeSet/operation/index5/operationAlterTraits/FavoriteTerms_2_value/Resolved_NewPerson/hasAttributes/FavoriteTerms_2_value/(ref)
Resolved_NewPerson/attributeContext/Resolved_NewPerson/FavoriteTerms/_generatedAttributeSet/operation/index8/operationAlterTraits
Resolved_NewPerson/attributeContext/Resolved_NewPerson/FavoriteTerms/_generatedAttributeSet/operation/index8/operationAlterTraits/number of favorite terms
output:/Resolved_NewPerson.cdm.json/Resolved_NewPerson/attributeContext/Resolved_NewPerson/FavoriteTerms/_generatedAttributeSet/operation/index8/operationAlterTraits/number of favorite terms/Resolved_NewPerson/hasAttributes/number of favorite terms/(ref)
Resolved_NewPerson/attributeContext/Resolved_NewPerson/PersonInfo
Resolved_NewPerson/attributeContext/Resolved_NewPerson/PersonInfo/projection
Resolved_NewPerson/attributeContext/Resolved_NewPerson/PersonInfo/projection/source
Resolved_NewPerson/attributeContext/Resolved_NewPerson/PersonInfo/projection/source/Person
Resolved_NewPerson/attributeContext/Resolved_NewPerson/PersonInfo/projection/source/Person/name
Resolved_NewPerson/attributeContext/Resolved_NewPerson/PersonInfo/projection/source/Person/age
Resolved_NewPerson/attributeContext/Resolved_NewPerson/PersonInfo/projection/source/Person/address
Resolved_NewPerson/attributeContext/Resolved_NewPerson/PersonInfo/projection/source/Person/phoneNumber
Resolved_NewPerson/attributeContext/Resolved_NewPerson/PersonInfo/projection/source/Person/email
Resolved_NewPerson/attributeContext/Resolved_NewPerson/PersonInfo/_generatedAttributeSet
Resolved_NewPerson/attributeContext/Resolved_NewPerson/PersonInfo/_generatedAttributeSet/operation/index1/operationAddArtifactAttribute
Resolved_NewPerson/attributeContext/Resolved_NewPerson/PersonInfo/_generatedAttributeSet/operation/index1/operationAddArtifactAttribute/key
Resolved_NewPerson/attributeContext/Resolved_NewPerson/PersonInfo/_generatedAttributeSet/operation/index2/operationArrayExpansion
Resolved_NewPerson/attributeContext/Resolved_NewPerson/PersonInfo/_generatedAttributeSet/operation/index2/operationArrayExpansion/_generatedAttributeRound0
Resolved_NewPerson/attributeContext/Resolved_NewPerson/PersonInfo/_generatedAttributeSet/operation/index2/operationArrayExpansion/_generatedAttributeRound0/key@1
Resolved_NewPerson/attributeContext/Resolved_NewPerson/PersonInfo/_generatedAttributeSet/operation/index2/operationArrayExpansion/_generatedAttributeRound0/name@1
Resolved_NewPerson/attributeContext/Resolved_NewPerson/PersonInfo/_generatedAttributeSet/operation/index2/operationArrayExpansion/_generatedAttributeRound0/age@1
Resolved_NewPerson/attributeContext/Resolved_NewPerson/PersonInfo/_generatedAttributeSet/operation/index2/operationArrayExpansion/_generatedAttributeRound0/address@1
Resolved_NewPerson/attributeContext/Resolved_NewPerson/PersonInfo/_generatedAttributeSet/operation/index2/operationArrayExpansion/_generatedAttributeRound0/phoneNumber@1
Resolved_NewPerson/attributeContext/Resolved_NewPerson/PersonInfo/_generatedAttributeSet/operation/index2/operationArrayExpansion/_generatedAttributeRound0/email@1
Resolved_NewPerson/attributeContext/Resolved_NewPerson/PersonInfo/_generatedAttributeSet/operation/index2/operationArrayExpansion/_generatedAttributeRound1
Resolved_NewPerson/attributeContext/Resolved_NewPerson/PersonInfo/_generatedAttributeSet/operation/index2/operationArrayExpansion/_generatedAttributeRound1/key@2
Resolved_NewPerson/attributeContext/Resolved_NewPerson/PersonInfo/_generatedAttributeSet/operation/index2/operationArrayExpansion/_generatedAttributeRound1/name@2
Resolved_NewPerson/attributeContext/Resolved_NewPerson/PersonInfo/_generatedAttributeSet/operation/index2/operationArrayExpansion/_generatedAttributeRound1/age@2
Resolved_NewPerson/attributeContext/Resolved_NewPerson/PersonInfo/_generatedAttributeSet/operation/index2/operationArrayExpansion/_generatedAttributeRound1/address@2
Resolved_NewPerson/attributeContext/Resolved_NewPerson/PersonInfo/_generatedAttributeSet/operation/index2/operationArrayExpansion/_generatedAttributeRound1/phoneNumber@2
Resolved_NewPerson/attributeContext/Resolved_NewPerson/PersonInfo/_generatedAttributeSet/operation/index2/operationArrayExpansion/_generatedAttributeRound1/email@2
Resolved_NewPerson/attributeContext/Resolved_NewPerson/PersonInfo/_generatedAttributeSet/operation/index3/operationRenameAttributes
Resolved_NewPerson/attributeContext/Resolved_NewPerson/PersonInfo/_generatedAttributeSet/operation/index3/operationRenameAttributes/key
Resolved_NewPerson/attributeContext/Resolved_NewPerson/PersonInfo/_generatedAttributeSet/operation/index3/operationRenameAttributes/key/key@1
Resolved_NewPerson/attributeContext/Resolved_NewPerson/PersonInfo/_generatedAttributeSet/operation/index3/operationRenameAttributes/key/key@1/PersonInfo_1_key
Resolved_NewPerson/attributeContext/Resolved_NewPerson/PersonInfo/_generatedAttributeSet/operation/index3/operationRenameAttributes/key/key@2
Resolved_NewPerson/attributeContext/Resolved_NewPerson/PersonInfo/_generatedAttributeSet/operation/index3/operationRenameAttributes/key/key@2/PersonInfo_2_key
Resolved_NewPerson/attributeContext/Resolved_NewPerson/PersonInfo/_generatedAttributeSet/operation/index4/operationRenameAttributes
Resolved_NewPerson/attributeContext/Resolved_NewPerson/PersonInfo/_generatedAttributeSet/operation/index4/operationRenameAttributes/name
Resolved_NewPerson/attributeContext/Resolved_NewPerson/PersonInfo/_generatedAttributeSet/operation/index4/operationRenameAttributes/name/name@1
Resolved_NewPerson/attributeContext/Resolved_NewPerson/PersonInfo/_generatedAttributeSet/operation/index4/operationRenameAttributes/name/name@1/value_name_1
Resolved_NewPerson/attributeContext/Resolved_NewPerson/PersonInfo/_generatedAttributeSet/operation/index4/operationRenameAttributes/name/name@2
Resolved_NewPerson/attributeContext/Resolved_NewPerson/PersonInfo/_generatedAttributeSet/operation/index4/operationRenameAttributes/name/name@2/value_name_2
Resolved_NewPerson/attributeContext/Resolved_NewPerson/PersonInfo/_generatedAttributeSet/operation/index4/operationRenameAttributes/age
Resolved_NewPerson/attributeContext/Resolved_NewPerson/PersonInfo/_generatedAttributeSet/operation/index4/operationRenameAttributes/age/age@1
Resolved_NewPerson/attributeContext/Resolved_NewPerson/PersonInfo/_generatedAttributeSet/operation/index4/operationRenameAttributes/age/age@1/value_age_1
Resolved_NewPerson/attributeContext/Resolved_NewPerson/PersonInfo/_generatedAttributeSet/operation/index4/operationRenameAttributes/age/age@2
Resolved_NewPerson/attributeContext/Resolved_NewPerson/PersonInfo/_generatedAttributeSet/operation/index4/operationRenameAttributes/age/age@2/value_age_2
Resolved_NewPerson/attributeContext/Resolved_NewPerson/PersonInfo/_generatedAttributeSet/operation/index4/operationRenameAttributes/address
Resolved_NewPerson/attributeContext/Resolved_NewPerson/PersonInfo/_generatedAttributeSet/operation/index4/operationRenameAttributes/address/address@1
Resolved_NewPerson/attributeContext/Resolved_NewPerson/PersonInfo/_generatedAttributeSet/operation/index4/operationRenameAttributes/address/address@1/value_address_1
Resolved_NewPerson/attributeContext/Resolved_NewPerson/PersonInfo/_generatedAttributeSet/operation/index4/operationRenameAttributes/address/address@2
Resolved_NewPerson/attributeContext/Resolved_NewPerson/PersonInfo/_generatedAttributeSet/operation/index4/operationRenameAttributes/address/address@2/value_address_2
Resolved_NewPerson/attributeContext/Resolved_NewPerson/PersonInfo/_generatedAttributeSet/operation/index4/operationRenameAttributes/phoneNumber
Resolved_NewPerson/attributeContext/Resolved_NewPerson/PersonInfo/_generatedAttributeSet/operation/index4/operationRenameAttributes/phoneNumber/phoneNumber@1
Resolved_NewPerson/attributeContext/Resolved_NewPerson/PersonInfo/_generatedAttributeSet/operation/index4/operationRenameAttributes/phoneNumber/phoneNumber@1/value_phoneNumber_1
Resolved_NewPerson/attributeContext/Resolved_NewPerson/PersonInfo/_generatedAttributeSet/operation/index4/operationRenameAttributes/phoneNumber/phoneNumber@2
Resolved_NewPerson/attributeContext/Resolved_NewPerson/PersonInfo/_generatedAttributeSet/operation/index4/operationRenameAttributes/phoneNumber/phoneNumber@2/value_phoneNumber_2
Resolved_NewPerson/attributeContext/Resolved_NewPerson/PersonInfo/_generatedAttributeSet/operation/index4/operationRenameAttributes/email
Resolved_NewPerson/attributeContext/Resolved_NewPerson/PersonInfo/_generatedAttributeSet/operation/index4/operationRenameAttributes/email/email@1
Resolved_NewPerson/attributeContext/Resolved_NewPerson/PersonInfo/_generatedAttributeSet/operation/index4/operationRenameAttributes/email/email@1/value_email_1
Resolved_NewPerson/attributeContext/Resolved_NewPerson/PersonInfo/_generatedAttributeSet/operation/index4/operationRenameAttributes/email/email@2
Resolved_NewPerson/attributeContext/Resolved_NewPerson/PersonInfo/_generatedAttributeSet/operation/index4/operationRenameAttributes/email/email@2/value_email_2
Resolved_NewPerson/attributeContext/Resolved_NewPerson/PersonInfo/_generatedAttributeSet/operation/index7/operationAddArtifactAttribute
Resolved_NewPerson/attributeContext/Resolved_NewPerson/PersonInfo/_generatedAttributeSet/operation/index7/operationAddArtifactAttribute/personCount
Resolved_NewPerson/attributeContext/Resolved_NewPerson/PersonInfo/_generatedAttributeSet/operation/index5/operationAlterTraits
Resolved_NewPerson/attributeContext/Resolved_NewPerson/PersonInfo/_generatedAttributeSet/operation/index5/operationAlterTraits/PersonInfo_1_key
output:/Resolved_NewPerson.cdm.json/Resolved_NewPerson/attributeContext/Resolved_NewPerson/PersonInfo/_generatedAttributeSet/operation/index5/operationAlterTraits/PersonInfo_1_key/Resolved_NewPerson/hasAttributes/PersonInfo_1_key/(ref)
Resolved_NewPerson/attributeContext/Resolved_NewPerson/PersonInfo/_generatedAttributeSet/operation/index5/operationAlterTraits/PersonInfo_2_key
output:/Resolved_NewPerson.cdm.json/Resolved_NewPerson/attributeContext/Resolved_NewPerson/PersonInfo/_generatedAttributeSet/operation/index5/operationAlterTraits/PersonInfo_2_key/Resolved_NewPerson/hasAttributes/PersonInfo_2_key/(ref)
Resolved_NewPerson/attributeContext/Resolved_NewPerson/PersonInfo/_generatedAttributeSet/operation/index6/operationAlterTraits
Resolved_NewPerson/attributeContext/Resolved_NewPerson/PersonInfo/_generatedAttributeSet/operation/index6/operationAlterTraits/value_name_1
output:/Resolved_NewPerson.cdm.json/Resolved_NewPerson/attributeContext/Resolved_NewPerson/PersonInfo/_generatedAttributeSet/operation/index6/operationAlterTraits/value_name_1/Resolved_NewPerson/hasAttributes/value_name_1/(ref)
Resolved_NewPerson/attributeContext/Resolved_NewPerson/PersonInfo/_generatedAttributeSet/operation/index6/operationAlterTraits/value_age_1
output:/Resolved_NewPerson.cdm.json/Resolved_NewPerson/attributeContext/Resolved_NewPerson/PersonInfo/_generatedAttributeSet/operation/index6/operationAlterTraits/value_age_1/Resolved_NewPerson/hasAttributes/value_age_1/(ref)
Resolved_NewPerson/attributeContext/Resolved_NewPerson/PersonInfo/_generatedAttributeSet/operation/index6/operationAlterTraits/value_address_1
output:/Resolved_NewPerson.cdm.json/Resolved_NewPerson/attributeContext/Resolved_NewPerson/PersonInfo/_generatedAttributeSet/operation/index6/operationAlterTraits/value_address_1/Resolved_NewPerson/hasAttributes/value_address_1/(ref)
Resolved_NewPerson/attributeContext/Resolved_NewPerson/PersonInfo/_generatedAttributeSet/operation/index6/operationAlterTraits/value_phoneNumber_1
output:/Resolved_NewPerson.cdm.json/Resolved_NewPerson/attributeContext/Resolved_NewPerson/PersonInfo/_generatedAttributeSet/operation/index6/operationAlterTraits/value_phoneNumber_1/Resolved_NewPerson/hasAttributes/value_phoneNumber_1/(ref)
Resolved_NewPerson/attributeContext/Resolved_NewPerson/PersonInfo/_generatedAttributeSet/operation/index6/operationAlterTraits/value_email_1
output:/Resolved_NewPerson.cdm.json/Resolved_NewPerson/attributeContext/Resolved_NewPerson/PersonInfo/_generatedAttributeSet/operation/index6/operationAlterTraits/value_email_1/Resolved_NewPerson/hasAttributes/value_email_1/(ref)
Resolved_NewPerson/attributeContext/Resolved_NewPerson/PersonInfo/_generatedAttributeSet/operation/index6/operationAlterTraits/value_name_2
output:/Resolved_NewPerson.cdm.json/Resolved_NewPerson/attributeContext/Resolved_NewPerson/PersonInfo/_generatedAttributeSet/operation/index6/operationAlterTraits/value_name_2/Resolved_NewPerson/hasAttributes/value_name_2/(ref)
Resolved_NewPerson/attributeContext/Resolved_NewPerson/PersonInfo/_generatedAttributeSet/operation/index6/operationAlterTraits/value_age_2
output:/Resolved_NewPerson.cdm.json/Resolved_NewPerson/attributeContext/Resolved_NewPerson/PersonInfo/_generatedAttributeSet/operation/index6/operationAlterTraits/value_age_2/Resolved_NewPerson/hasAttributes/value_age_2/(ref)
Resolved_NewPerson/attributeContext/Resolved_NewPerson/PersonInfo/_generatedAttributeSet/operation/index6/operationAlterTraits/value_address_2
output:/Resolved_NewPerson.cdm.json/Resolved_NewPerson/attributeContext/Resolved_NewPerson/PersonInfo/_generatedAttributeSet/operation/index6/operationAlterTraits/value_address_2/Resolved_NewPerson/hasAttributes/value_address_2/(ref)
Resolved_NewPerson/attributeContext/Resolved_NewPerson/PersonInfo/_generatedAttributeSet/operation/index6/operationAlterTraits/value_phoneNumber_2
output:/Resolved_NewPerson.cdm.json/Resolved_NewPerson/attributeContext/Resolved_NewPerson/PersonInfo/_generatedAttributeSet/operation/index6/operationAlterTraits/value_phoneNumber_2/Resolved_NewPerson/hasAttributes/value_phoneNumber_2/(ref)
Resolved_NewPerson/attributeContext/Resolved_NewPerson/PersonInfo/_generatedAttributeSet/operation/index6/operationAlterTraits/value_email_2
output:/Resolved_NewPerson.cdm.json/Resolved_NewPerson/attributeContext/Resolved_NewPerson/PersonInfo/_generatedAttributeSet/operation/index6/operationAlterTraits/value_email_2/Resolved_NewPerson/hasAttributes/value_email_2/(ref)
Resolved_NewPerson/attributeContext/Resolved_NewPerson/PersonInfo/_generatedAttributeSet/operation/index8/operationAlterTraits
Resolved_NewPerson/attributeContext/Resolved_NewPerson/PersonInfo/_generatedAttributeSet/operation/index8/operationAlterTraits/personCount
output:/Resolved_NewPerson.cdm.json/Resolved_NewPerson/attributeContext/Resolved_NewPerson/PersonInfo/_generatedAttributeSet/operation/index8/operationAlterTraits/personCount/Resolved_NewPerson/hasAttributes/personCount/(ref)
output:/Resolved_NewPerson.cdm.json/Resolved_NewPerson/hasAttributes/Term key_1_key
is.dataFormat.character
is.dataFormat.big
is.dataFormat.array
indicates.expansionInfo.mapKey
  [Parameter (Name / DefaultValue): expansionName / ]
  [Argument Value: Term key]
  [Parameter (Name / DefaultValue): ordinal / ]
  [Argument Value: 1]
is.dataFormat.character
is.dataFormat.array
output:/Resolved_NewPerson.cdm.json/Resolved_NewPerson/hasAttributes/FavoriteTerms_1_value
is.dataFormat.character
is.dataFormat.big
is.dataFormat.array
is.localized.describedAs
  [Parameter (Name / DefaultValue): localizedDisplayText / ]
  [Argument Value: en,I can construct a list on a Type Attribute.]
has.expansionInfo.mapValue
  [Parameter (Name / DefaultValue): expansionName / ]
  [Argument Value: FavoriteTerms]
  [Parameter (Name / DefaultValue): ordinal / ]
  [Argument Value: 1]
is.dataFormat.character
is.dataFormat.array
output:/Resolved_NewPerson.cdm.json/Resolved_NewPerson/hasAttributes/Term key_2_key
is.dataFormat.character
is.dataFormat.big
is.dataFormat.array
indicates.expansionInfo.mapKey
  [Parameter (Name / DefaultValue): expansionName / ]
  [Argument Value: Term key]
  [Parameter (Name / DefaultValue): ordinal / ]
  [Argument Value: 2]
is.dataFormat.character
is.dataFormat.array
output:/Resolved_NewPerson.cdm.json/Resolved_NewPerson/hasAttributes/FavoriteTerms_2_value
is.dataFormat.character
is.dataFormat.big
is.dataFormat.array
is.localized.describedAs
  [Parameter (Name / DefaultValue): localizedDisplayText / ]
  [Argument Value: en,I can construct a list on a Type Attribute.]
has.expansionInfo.mapValue
  [Parameter (Name / DefaultValue): expansionName / ]
  [Argument Value: FavoriteTerms]
  [Parameter (Name / DefaultValue): ordinal / ]
  [Argument Value: 2]
is.dataFormat.character
is.dataFormat.array
output:/Resolved_NewPerson.cdm.json/Resolved_NewPerson/hasAttributes/number of favorite terms
is.dataFormat.integer
indicates.expansionInfo.count
  [Parameter (Name / DefaultValue): expansionName / ]
  [Argument Value: FavoriteTerms]
is.dataFormat.integer
output:/Resolved_NewPerson.cdm.json/Resolved_NewPerson/hasAttributes/PersonInfo_1_key
is.dataFormat.character
is.dataFormat.big
is.dataFormat.array
indicates.expansionInfo.mapKey
  [Parameter (Name / DefaultValue): expansionName / ]
  [Argument Value: PersonInfo]
  [Parameter (Name / DefaultValue): ordinal / ]
  [Argument Value: 1]
is.dataFormat.character
is.dataFormat.array
output:/Resolved_NewPerson.cdm.json/Resolved_NewPerson/hasAttributes/value_name_1
is.dataFormat.character
is.dataFormat.big
is.dataFormat.array
has.expansionInfo.mapValue
  [Parameter (Name / DefaultValue): expansionName / ]
  [Argument Value: PersonInfo]
  [Parameter (Name / DefaultValue): ordinal / ]
  [Argument Value: 1]
  [Parameter (Name / DefaultValue): memberAttribute / ]
  [Argument Value: name]
is.dataFormat.character
is.dataFormat.array
output:/Resolved_NewPerson.cdm.json/Resolved_NewPerson/hasAttributes/value_age_1
is.dataFormat.integer
has.expansionInfo.mapValue
  [Parameter (Name / DefaultValue): expansionName / ]
  [Argument Value: PersonInfo]
  [Parameter (Name / DefaultValue): ordinal / ]
  [Argument Value: 1]
  [Parameter (Name / DefaultValue): memberAttribute / ]
  [Argument Value: age]
is.dataFormat.integer
output:/Resolved_NewPerson.cdm.json/Resolved_NewPerson/hasAttributes/value_address_1
is.dataFormat.character
is.dataFormat.big
is.dataFormat.array
has.expansionInfo.mapValue
  [Parameter (Name / DefaultValue): expansionName / ]
  [Argument Value: PersonInfo]
  [Parameter (Name / DefaultValue): ordinal / ]
  [Argument Value: 1]
  [Parameter (Name / DefaultValue): memberAttribute / ]
  [Argument Value: address]
is.dataFormat.character
is.dataFormat.array
output:/Resolved_NewPerson.cdm.json/Resolved_NewPerson/hasAttributes/value_phoneNumber_1
is.dataFormat.character
is.dataFormat.big
is.dataFormat.array
has.expansionInfo.mapValue
  [Parameter (Name / DefaultValue): expansionName / ]
  [Argument Value: PersonInfo]
  [Parameter (Name / DefaultValue): ordinal / ]
  [Argument Value: 1]
  [Parameter (Name / DefaultValue): memberAttribute / ]
  [Argument Value: phoneNumber]
is.dataFormat.character
is.dataFormat.array
output:/Resolved_NewPerson.cdm.json/Resolved_NewPerson/hasAttributes/value_email_1
is.dataFormat.character
is.dataFormat.big
is.dataFormat.array
has.expansionInfo.mapValue
  [Parameter (Name / DefaultValue): expansionName / ]
  [Argument Value: PersonInfo]
  [Parameter (Name / DefaultValue): ordinal / ]
  [Argument Value: 1]
  [Parameter (Name / DefaultValue): memberAttribute / ]
  [Argument Value: email]
is.dataFormat.character
is.dataFormat.array
output:/Resolved_NewPerson.cdm.json/Resolved_NewPerson/hasAttributes/PersonInfo_2_key
is.dataFormat.character
is.dataFormat.big
is.dataFormat.array
indicates.expansionInfo.mapKey
  [Parameter (Name / DefaultValue): expansionName / ]
  [Argument Value: PersonInfo]
  [Parameter (Name / DefaultValue): ordinal / ]
  [Argument Value: 2]
is.dataFormat.character
is.dataFormat.array
output:/Resolved_NewPerson.cdm.json/Resolved_NewPerson/hasAttributes/value_name_2
is.dataFormat.character
is.dataFormat.big
is.dataFormat.array
has.expansionInfo.mapValue
  [Parameter (Name / DefaultValue): expansionName / ]
  [Argument Value: PersonInfo]
  [Parameter (Name / DefaultValue): ordinal / ]
  [Argument Value: 2]
  [Parameter (Name / DefaultValue): memberAttribute / ]
  [Argument Value: name]
is.dataFormat.character
is.dataFormat.array
output:/Resolved_NewPerson.cdm.json/Resolved_NewPerson/hasAttributes/value_age_2
is.dataFormat.integer
has.expansionInfo.mapValue
  [Parameter (Name / DefaultValue): expansionName / ]
  [Argument Value: PersonInfo]
  [Parameter (Name / DefaultValue): ordinal / ]
  [Argument Value: 2]
  [Parameter (Name / DefaultValue): memberAttribute / ]
  [Argument Value: age]
is.dataFormat.integer
output:/Resolved_NewPerson.cdm.json/Resolved_NewPerson/hasAttributes/value_address_2
is.dataFormat.character
is.dataFormat.big
is.dataFormat.array
has.expansionInfo.mapValue
  [Parameter (Name / DefaultValue): expansionName / ]
  [Argument Value: PersonInfo]
  [Parameter (Name / DefaultValue): ordinal / ]
  [Argument Value: 2]
  [Parameter (Name / DefaultValue): memberAttribute / ]
  [Argument Value: address]
is.dataFormat.character
is.dataFormat.array
output:/Resolved_NewPerson.cdm.json/Resolved_NewPerson/hasAttributes/value_phoneNumber_2
is.dataFormat.character
is.dataFormat.big
is.dataFormat.array
has.expansionInfo.mapValue
  [Parameter (Name / DefaultValue): expansionName / ]
  [Argument Value: PersonInfo]
  [Parameter (Name / DefaultValue): ordinal / ]
  [Argument Value: 2]
  [Parameter (Name / DefaultValue): memberAttribute / ]
  [Argument Value: phoneNumber]
is.dataFormat.character
is.dataFormat.array
output:/Resolved_NewPerson.cdm.json/Resolved_NewPerson/hasAttributes/value_email_2
is.dataFormat.character
is.dataFormat.big
is.dataFormat.array
has.expansionInfo.mapValue
  [Parameter (Name / DefaultValue): expansionName / ]
  [Argument Value: PersonInfo]
  [Parameter (Name / DefaultValue): ordinal / ]
  [Argument Value: 2]
  [Parameter (Name / DefaultValue): memberAttribute / ]
  [Argument Value: email]
is.dataFormat.character
is.dataFormat.array
output:/Resolved_NewPerson.cdm.json/Resolved_NewPerson/hasAttributes/personCount
is.dataFormat.integer
indicates.expansionInfo.count
  [Parameter (Name / DefaultValue): expansionName / ]
  [Argument Value: PersonInfo]
is.dataFormat.integer
