Resolved_NewPerson/attributeContext/Resolved_NewPerson/extends
Resolved_NewPerson/attributeContext/Resolved_NewPerson/extends/CdmEntity
Resolved_NewPerson/attributeContext/Resolved_NewPerson/Favorite Terms
Resolved_NewPerson/attributeContext/Resolved_NewPerson/Favorite Terms/projection
Resolved_NewPerson/attributeContext/Resolved_NewPerson/Favorite Terms/projection/source
Resolved_NewPerson/attributeContext/Resolved_NewPerson/Favorite Terms/_generatedAttributeSet
Resolved_NewPerson/attributeContext/Resolved_NewPerson/Favorite Terms/_generatedAttributeSet/operation/index1/operationArrayExpansion
Resolved_NewPerson/attributeContext/Resolved_NewPerson/Favorite Terms/_generatedAttributeSet/operation/index1/operationArrayExpansion/_generatedAttributeRound0
Resolved_NewPerson/attributeContext/Resolved_NewPerson/Favorite Terms/_generatedAttributeSet/operation/index1/operationArrayExpansion/_generatedAttributeRound0/Favorite Terms@1
Resolved_NewPerson/attributeContext/Resolved_NewPerson/Favorite Terms/_generatedAttributeSet/operation/index1/operationArrayExpansion/_generatedAttributeRound1
Resolved_NewPerson/attributeContext/Resolved_NewPerson/Favorite Terms/_generatedAttributeSet/operation/index1/operationArrayExpansion/_generatedAttributeRound1/Favorite Terms@2
Resolved_NewPerson/attributeContext/Resolved_NewPerson/Favorite Terms/_generatedAttributeSet/operation/index3/operationAddArtifactAttribute
Resolved_NewPerson/attributeContext/Resolved_NewPerson/Favorite Terms/_generatedAttributeSet/operation/index3/operationAddArtifactAttribute/number of favorite terms
Resolved_NewPerson/attributeContext/Resolved_NewPerson/Favorite Terms/_generatedAttributeSet/operation/index2/operationRenameAttributes
Resolved_NewPerson/attributeContext/Resolved_NewPerson/Favorite Terms/_generatedAttributeSet/operation/index2/operationRenameAttributes/Favorite Terms
Resolved_NewPerson/attributeContext/Resolved_NewPerson/Favorite Terms/_generatedAttributeSet/operation/index2/operationRenameAttributes/Favorite Terms/Favorite Terms@1
Resolved_NewPerson/attributeContext/Resolved_NewPerson/Favorite Terms/_generatedAttributeSet/operation/index2/operationRenameAttributes/Favorite Terms/Favorite Terms@1/Term_1
output:/Resolved_NewPerson.cdm.json/Resolved_NewPerson/attributeContext/Resolved_NewPerson/Favorite Terms/_generatedAttributeSet/operation/index2/operationRenameAttributes/Favorite Terms/Favorite Terms@1/Term_1/Resolved_NewPerson/hasAttributes/Term_1/(ref)
Resolved_NewPerson/attributeContext/Resolved_NewPerson/Favorite Terms/_generatedAttributeSet/operation/index2/operationRenameAttributes/Favorite Terms/Favorite Terms@2
Resolved_NewPerson/attributeContext/Resolved_NewPerson/Favorite Terms/_generatedAttributeSet/operation/index2/operationRenameAttributes/Favorite Terms/Favorite Terms@2/Term_2
output:/Resolved_NewPerson.cdm.json/Resolved_NewPerson/attributeContext/Resolved_NewPerson/Favorite Terms/_generatedAttributeSet/operation/index2/operationRenameAttributes/Favorite Terms/Favorite Terms@2/Term_2/Resolved_NewPerson/hasAttributes/Term_2/(ref)
Resolved_NewPerson/attributeContext/Resolved_NewPerson/Favorite Terms/_generatedAttributeSet/operation/index4/operationAlterTraits
Resolved_NewPerson/attributeContext/Resolved_NewPerson/Favorite Terms/_generatedAttributeSet/operation/index4/operationAlterTraits/number of favorite terms
output:/Resolved_NewPerson.cdm.json/Resolved_NewPerson/attributeContext/Resolved_NewPerson/Favorite Terms/_generatedAttributeSet/operation/index4/operationAlterTraits/number of favorite terms/Resolved_NewPerson/hasAttributes/number of favorite terms/(ref)
Resolved_NewPerson/attributeContext/Resolved_NewPerson/PersonInfo
Resolved_NewPerson/attributeContext/Resolved_NewPerson/PersonInfo/projection
Resolved_NewPerson/attributeContext/Resolved_NewPerson/PersonInfo/projection/source
Resolved_NewPerson/attributeContext/Resolved_NewPerson/PersonInfo/projection/source/Person
Resolved_NewPerson/attributeContext/Resolved_NewPerson/PersonInfo/projection/source/Person/name
Resolved_NewPerson/attributeContext/Resolved_NewPerson/PersonInfo/projection/source/Person/age
Resolved_NewPerson/attributeContext/Resolved_NewPerson/PersonInfo/projection/source/Person/address
Resolved_NewPerson/attributeContext/Resolved_NewPerson/PersonInfo/projection/source/Person/phoneNumber
Resolved_NewPerson/attributeContext/Resolved_NewPerson/PersonInfo/projection/source/Person/email
Resolved_NewPerson/attributeContext/Resolved_NewPerson/PersonInfo/_generatedAttributeSet
Resolved_NewPerson/attributeContext/Resolved_NewPerson/PersonInfo/_generatedAttributeSet/operation/index1/operationArrayExpansion
Resolved_NewPerson/attributeContext/Resolved_NewPerson/PersonInfo/_generatedAttributeSet/operation/index1/operationArrayExpansion/_generatedAttributeRound0
Resolved_NewPerson/attributeContext/Resolved_NewPerson/PersonInfo/_generatedAttributeSet/operation/index1/operationArrayExpansion/_generatedAttributeRound0/name@1
Resolved_NewPerson/attributeContext/Resolved_NewPerson/PersonInfo/_generatedAttributeSet/operation/index1/operationArrayExpansion/_generatedAttributeRound0/age@1
Resolved_NewPerson/attributeContext/Resolved_NewPerson/PersonInfo/_generatedAttributeSet/operation/index1/operationArrayExpansion/_generatedAttributeRound0/address@1
Resolved_NewPerson/attributeContext/Resolved_NewPerson/PersonInfo/_generatedAttributeSet/operation/index1/operationArrayExpansion/_generatedAttributeRound0/phoneNumber@1
Resolved_NewPerson/attributeContext/Resolved_NewPerson/PersonInfo/_generatedAttributeSet/operation/index1/operationArrayExpansion/_generatedAttributeRound0/email@1
Resolved_NewPerson/attributeContext/Resolved_NewPerson/PersonInfo/_generatedAttributeSet/operation/index1/operationArrayExpansion/_generatedAttributeRound1
Resolved_NewPerson/attributeContext/Resolved_NewPerson/PersonInfo/_generatedAttributeSet/operation/index1/operationArrayExpansion/_generatedAttributeRound1/name@2
Resolved_NewPerson/attributeContext/Resolved_NewPerson/PersonInfo/_generatedAttributeSet/operation/index1/operationArrayExpansion/_generatedAttributeRound1/age@2
Resolved_NewPerson/attributeContext/Resolved_NewPerson/PersonInfo/_generatedAttributeSet/operation/index1/operationArrayExpansion/_generatedAttributeRound1/address@2
Resolved_NewPerson/attributeContext/Resolved_NewPerson/PersonInfo/_generatedAttributeSet/operation/index1/operationArrayExpansion/_generatedAttributeRound1/phoneNumber@2
Resolved_NewPerson/attributeContext/Resolved_NewPerson/PersonInfo/_generatedAttributeSet/operation/index1/operationArrayExpansion/_generatedAttributeRound1/email@2
Resolved_NewPerson/attributeContext/Resolved_NewPerson/PersonInfo/_generatedAttributeSet/operation/index3/operationAddArtifactAttribute
Resolved_NewPerson/attributeContext/Resolved_NewPerson/PersonInfo/_generatedAttributeSet/operation/index3/operationAddArtifactAttribute/personCount
Resolved_NewPerson/attributeContext/Resolved_NewPerson/PersonInfo/_generatedAttributeSet/operation/index2/operationRenameAttributes
Resolved_NewPerson/attributeContext/Resolved_NewPerson/PersonInfo/_generatedAttributeSet/operation/index2/operationRenameAttributes/name
Resolved_NewPerson/attributeContext/Resolved_NewPerson/PersonInfo/_generatedAttributeSet/operation/index2/operationRenameAttributes/name/name@1
Resolved_NewPerson/attributeContext/Resolved_NewPerson/PersonInfo/_generatedAttributeSet/operation/index2/operationRenameAttributes/name/name@1/name1
output:/Resolved_NewPerson.cdm.json/Resolved_NewPerson/attributeContext/Resolved_NewPerson/PersonInfo/_generatedAttributeSet/operation/index2/operationRenameAttributes/name/name@1/name1/Resolved_NewPerson/hasAttributes/name1/(ref)
Resolved_NewPerson/attributeContext/Resolved_NewPerson/PersonInfo/_generatedAttributeSet/operation/index2/operationRenameAttributes/name/name@2
Resolved_NewPerson/attributeContext/Resolved_NewPerson/PersonInfo/_generatedAttributeSet/operation/index2/operationRenameAttributes/name/name@2/name2
output:/Resolved_NewPerson.cdm.json/Resolved_NewPerson/attributeContext/Resolved_NewPerson/PersonInfo/_generatedAttributeSet/operation/index2/operationRenameAttributes/name/name@2/name2/Resolved_NewPerson/hasAttributes/name2/(ref)
Resolved_NewPerson/attributeContext/Resolved_NewPerson/PersonInfo/_generatedAttributeSet/operation/index2/operationRenameAttributes/age
Resolved_NewPerson/attributeContext/Resolved_NewPerson/PersonInfo/_generatedAttributeSet/operation/index2/operationRenameAttributes/age/age@1
Resolved_NewPerson/attributeContext/Resolved_NewPerson/PersonInfo/_generatedAttributeSet/operation/index2/operationRenameAttributes/age/age@1/age1
output:/Resolved_NewPerson.cdm.json/Resolved_NewPerson/attributeContext/Resolved_NewPerson/PersonInfo/_generatedAttributeSet/operation/index2/operationRenameAttributes/age/age@1/age1/Resolved_NewPerson/hasAttributes/age1/(ref)
Resolved_NewPerson/attributeContext/Resolved_NewPerson/PersonInfo/_generatedAttributeSet/operation/index2/operationRenameAttributes/age/age@2
Resolved_NewPerson/attributeContext/Resolved_NewPerson/PersonInfo/_generatedAttributeSet/operation/index2/operationRenameAttributes/age/age@2/age2
output:/Resolved_NewPerson.cdm.json/Resolved_NewPerson/attributeContext/Resolved_NewPerson/PersonInfo/_generatedAttributeSet/operation/index2/operationRenameAttributes/age/age@2/age2/Resolved_NewPerson/hasAttributes/age2/(ref)
Resolved_NewPerson/attributeContext/Resolved_NewPerson/PersonInfo/_generatedAttributeSet/operation/index2/operationRenameAttributes/address
Resolved_NewPerson/attributeContext/Resolved_NewPerson/PersonInfo/_generatedAttributeSet/operation/index2/operationRenameAttributes/address/address@1
Resolved_NewPerson/attributeContext/Resolved_NewPerson/PersonInfo/_generatedAttributeSet/operation/index2/operationRenameAttributes/address/address@1/address1
output:/Resolved_NewPerson.cdm.json/Resolved_NewPerson/attributeContext/Resolved_NewPerson/PersonInfo/_generatedAttributeSet/operation/index2/operationRenameAttributes/address/address@1/address1/Resolved_NewPerson/hasAttributes/address1/(ref)
Resolved_NewPerson/attributeContext/Resolved_NewPerson/PersonInfo/_generatedAttributeSet/operation/index2/operationRenameAttributes/address/address@2
Resolved_NewPerson/attributeContext/Resolved_NewPerson/PersonInfo/_generatedAttributeSet/operation/index2/operationRenameAttributes/address/address@2/address2
output:/Resolved_NewPerson.cdm.json/Resolved_NewPerson/attributeContext/Resolved_NewPerson/PersonInfo/_generatedAttributeSet/operation/index2/operationRenameAttributes/address/address@2/address2/Resolved_NewPerson/hasAttributes/address2/(ref)
Resolved_NewPerson/attributeContext/Resolved_NewPerson/PersonInfo/_generatedAttributeSet/operation/index2/operationRenameAttributes/phoneNumber
Resolved_NewPerson/attributeContext/Resolved_NewPerson/PersonInfo/_generatedAttributeSet/operation/index2/operationRenameAttributes/phoneNumber/phoneNumber@1
Resolved_NewPerson/attributeContext/Resolved_NewPerson/PersonInfo/_generatedAttributeSet/operation/index2/operationRenameAttributes/phoneNumber/phoneNumber@1/phoneNumber1
output:/Resolved_NewPerson.cdm.json/Resolved_NewPerson/attributeContext/Resolved_NewPerson/PersonInfo/_generatedAttributeSet/operation/index2/operationRenameAttributes/phoneNumber/phoneNumber@1/phoneNumber1/Resolved_NewPerson/hasAttributes/phoneNumber1/(ref)
Resolved_NewPerson/attributeContext/Resolved_NewPerson/PersonInfo/_generatedAttributeSet/operation/index2/operationRenameAttributes/phoneNumber/phoneNumber@2
Resolved_NewPerson/attributeContext/Resolved_NewPerson/PersonInfo/_generatedAttributeSet/operation/index2/operationRenameAttributes/phoneNumber/phoneNumber@2/phoneNumber2
output:/Resolved_NewPerson.cdm.json/Resolved_NewPerson/attributeContext/Resolved_NewPerson/PersonInfo/_generatedAttributeSet/operation/index2/operationRenameAttributes/phoneNumber/phoneNumber@2/phoneNumber2/Resolved_NewPerson/hasAttributes/phoneNumber2/(ref)
Resolved_NewPerson/attributeContext/Resolved_NewPerson/PersonInfo/_generatedAttributeSet/operation/index2/operationRenameAttributes/email
Resolved_NewPerson/attributeContext/Resolved_NewPerson/PersonInfo/_generatedAttributeSet/operation/index2/operationRenameAttributes/email/email@1
Resolved_NewPerson/attributeContext/Resolved_NewPerson/PersonInfo/_generatedAttributeSet/operation/index2/operationRenameAttributes/email/email@1/email1
output:/Resolved_NewPerson.cdm.json/Resolved_NewPerson/attributeContext/Resolved_NewPerson/PersonInfo/_generatedAttributeSet/operation/index2/operationRenameAttributes/email/email@1/email1/Resolved_NewPerson/hasAttributes/email1/(ref)
Resolved_NewPerson/attributeContext/Resolved_NewPerson/PersonInfo/_generatedAttributeSet/operation/index2/operationRenameAttributes/email/email@2
Resolved_NewPerson/attributeContext/Resolved_NewPerson/PersonInfo/_generatedAttributeSet/operation/index2/operationRenameAttributes/email/email@2/email2
output:/Resolved_NewPerson.cdm.json/Resolved_NewPerson/attributeContext/Resolved_NewPerson/PersonInfo/_generatedAttributeSet/operation/index2/operationRenameAttributes/email/email@2/email2/Resolved_NewPerson/hasAttributes/email2/(ref)
Resolved_NewPerson/attributeContext/Resolved_NewPerson/PersonInfo/_generatedAttributeSet/operation/index4/operationAlterTraits
Resolved_NewPerson/attributeContext/Resolved_NewPerson/PersonInfo/_generatedAttributeSet/operation/index4/operationAlterTraits/personCount
output:/Resolved_NewPerson.cdm.json/Resolved_NewPerson/attributeContext/Resolved_NewPerson/PersonInfo/_generatedAttributeSet/operation/index4/operationAlterTraits/personCount/Resolved_NewPerson/hasAttributes/personCount/(ref)
output:/Resolved_NewPerson.cdm.json/Resolved_NewPerson/hasAttributes/Term_1
is.dataFormat.character
is.dataFormat.big
is.dataFormat.array
is.localized.describedAs
  [Parameter (Name / DefaultValue): localizedDisplayText / ]
  [Argument Value: en,I can construct a list on a Type Attribute.]
is.dataFormat.character
is.dataFormat.array
output:/Resolved_NewPerson.cdm.json/Resolved_NewPerson/hasAttributes/Term_2
is.dataFormat.character
is.dataFormat.big
is.dataFormat.array
is.localized.describedAs
  [Parameter (Name / DefaultValue): localizedDisplayText / ]
  [Argument Value: en,I can construct a list on a Type Attribute.]
is.dataFormat.character
is.dataFormat.array
output:/Resolved_NewPerson.cdm.json/Resolved_NewPerson/hasAttributes/number of favorite terms
is.dataFormat.integer
indicates.expansionInfo.count
  [Parameter (Name / DefaultValue): expansionName / ]
  [Argument Value: Favorite Terms]
is.dataFormat.integer
output:/Resolved_NewPerson.cdm.json/Resolved_NewPerson/hasAttributes/name1
is.dataFormat.character
is.dataFormat.big
is.dataFormat.array
is.dataFormat.character
is.dataFormat.array
output:/Resolved_NewPerson.cdm.json/Resolved_NewPerson/hasAttributes/age1
is.dataFormat.integer
is.dataFormat.integer
output:/Resolved_NewPerson.cdm.json/Resolved_NewPerson/hasAttributes/address1
is.dataFormat.character
is.dataFormat.big
is.dataFormat.array
is.dataFormat.character
is.dataFormat.array
output:/Resolved_NewPerson.cdm.json/Resolved_NewPerson/hasAttributes/phoneNumber1
is.dataFormat.character
is.dataFormat.big
is.dataFormat.array
is.dataFormat.character
is.dataFormat.array
output:/Resolved_NewPerson.cdm.json/Resolved_NewPerson/hasAttributes/email1
is.dataFormat.character
is.dataFormat.big
is.dataFormat.array
is.dataFormat.character
is.dataFormat.array
output:/Resolved_NewPerson.cdm.json/Resolved_NewPerson/hasAttributes/name2
is.dataFormat.character
is.dataFormat.big
is.dataFormat.array
is.dataFormat.character
is.dataFormat.array
output:/Resolved_NewPerson.cdm.json/Resolved_NewPerson/hasAttributes/age2
is.dataFormat.integer
is.dataFormat.integer
output:/Resolved_NewPerson.cdm.json/Resolved_NewPerson/hasAttributes/address2
is.dataFormat.character
is.dataFormat.big
is.dataFormat.array
is.dataFormat.character
is.dataFormat.array
output:/Resolved_NewPerson.cdm.json/Resolved_NewPerson/hasAttributes/phoneNumber2
is.dataFormat.character
is.dataFormat.big
is.dataFormat.array
is.dataFormat.character
is.dataFormat.array
output:/Resolved_NewPerson.cdm.json/Resolved_NewPerson/hasAttributes/email2
is.dataFormat.character
is.dataFormat.big
is.dataFormat.array
is.dataFormat.character
is.dataFormat.array
output:/Resolved_NewPerson.cdm.json/Resolved_NewPerson/hasAttributes/personCount
is.dataFormat.integer
indicates.expansionInfo.count
  [Parameter (Name / DefaultValue): expansionName / ]
  [Argument Value: PersonInfo]
is.dataFormat.integer
