{
  "defaultNamespace": "local",
  "adapters": [
    {
      "type": "local",
        "config": {
            "root": "../../../../../../testData\\Samples\\TestCustomizeEntities\\ActualOutput-CSharp"
        },
      "namespace": "local"
    },
    {
      "type": "local",
      "config": {
        "root": "../../../../../../samples/example-public-standards"
      },
      "namespace": "cdm"
    }
  ]
}