Resolved_ThreeMusketeers_referenceOnly_structured/attributeContext/Resolved_ThreeMusketeers_referenceOnly_structured/extends
Resolved_ThreeMusketeers_referenceOnly_structured/attributeContext/Resolved_ThreeMusketeers_referenceOnly_structured/extends/CdmEntity
Resolved_ThreeMusketeers_referenceOnly_structured/attributeContext/Resolved_ThreeMusketeers_referenceOnly_structured/ThreePeople
Resolved_ThreeMusketeers_referenceOnly_structured/attributeContext/Resolved_ThreeMusketeers_referenceOnly_structured/ThreePeople/projection
Resolved_ThreeMusketeers_referenceOnly_structured/attributeContext/Resolved_ThreeMusketeers_referenceOnly_structured/ThreePeople/projection/source
Resolved_ThreeMusketeers_referenceOnly_structured/attributeContext/Resolved_ThreeMusketeers_referenceOnly_structured/ThreePeople/projection/source/projection
Resolved_ThreeMusketeers_referenceOnly_structured/attributeContext/Resolved_ThreeMusketeers_referenceOnly_structured/ThreePeople/projection/source/projection/source
Resolved_ThreeMusketeers_referenceOnly_structured/attributeContext/Resolved_ThreeMusketeers_referenceOnly_structured/ThreePeople/projection/source/projection/source/Person
Resolved_ThreeMusketeers_referenceOnly_structured/attributeContext/Resolved_ThreeMusketeers_referenceOnly_structured/ThreePeople/projection/source/projection/source/Person/extends
Resolved_ThreeMusketeers_referenceOnly_structured/attributeContext/Resolved_ThreeMusketeers_referenceOnly_structured/ThreePeople/projection/source/projection/source/Person/extends/CdmEntity
Resolved_ThreeMusketeers_referenceOnly_structured/attributeContext/Resolved_ThreeMusketeers_referenceOnly_structured/ThreePeople/projection/source/projection/source/Person/someGroup
Resolved_ThreeMusketeers_referenceOnly_structured/attributeContext/Resolved_ThreeMusketeers_referenceOnly_structured/ThreePeople/projection/source/projection/source/Person/someGroup/someGroup
Resolved_ThreeMusketeers_referenceOnly_structured/attributeContext/Resolved_ThreeMusketeers_referenceOnly_structured/ThreePeople/projection/source/projection/source/Person/someGroup/someGroup/name
output:/Resolved_ThreeMusketeers_referenceOnly_structured.cdm.json/Resolved_ThreeMusketeers_referenceOnly_structured/attributeContext/Resolved_ThreeMusketeers_referenceOnly_structured/ThreePeople/projection/source/projection/source/Person/someGroup/someGroup/name/Resolved_ThreeMusketeers_referenceOnly_structured/hasAttributes/name/(ref)
Resolved_ThreeMusketeers_referenceOnly_structured/attributeContext/Resolved_ThreeMusketeers_referenceOnly_structured/ThreePeople/projection/source/projection/source/Person/someGroup/someGroup/age
output:/Resolved_ThreeMusketeers_referenceOnly_structured.cdm.json/Resolved_ThreeMusketeers_referenceOnly_structured/attributeContext/Resolved_ThreeMusketeers_referenceOnly_structured/ThreePeople/projection/source/projection/source/Person/someGroup/someGroup/age/Resolved_ThreeMusketeers_referenceOnly_structured/hasAttributes/age/(ref)
Resolved_ThreeMusketeers_referenceOnly_structured/attributeContext/Resolved_ThreeMusketeers_referenceOnly_structured/ThreePeople/projection/source/projection/source/Person/someGroup/someGroup/address
output:/Resolved_ThreeMusketeers_referenceOnly_structured.cdm.json/Resolved_ThreeMusketeers_referenceOnly_structured/attributeContext/Resolved_ThreeMusketeers_referenceOnly_structured/ThreePeople/projection/source/projection/source/Person/someGroup/someGroup/address/Resolved_ThreeMusketeers_referenceOnly_structured/hasAttributes/address/(ref)
output:/Resolved_ThreeMusketeers_referenceOnly_structured.cdm.json/Resolved_ThreeMusketeers_referenceOnly_structured/hasAttributes/name
is.dataFormat.character
is.dataFormat.big
is.dataFormat.array
is.dataFormat.character
is.dataFormat.array
output:/Resolved_ThreeMusketeers_referenceOnly_structured.cdm.json/Resolved_ThreeMusketeers_referenceOnly_structured/hasAttributes/age
is.dataFormat.integer
is.dataFormat.integer
output:/Resolved_ThreeMusketeers_referenceOnly_structured.cdm.json/Resolved_ThreeMusketeers_referenceOnly_structured/hasAttributes/address
is.dataFormat.character
is.dataFormat.big
is.dataFormat.array
is.dataFormat.character
is.dataFormat.array
