{
    "defaultNamespace": "local",
    "adapters": [
        {
            "type": "local",
            "config": {
                "root": "..\\..\\testData\\Samples\\TestCreateManifest\\ActualOutput-Python"
            },
            "namespace": "local"
        },
        {
            "type": "local",
            "config": {
                "root": "../../samples/example-public-standards"
            },
            "namespace": "cdm"
        }
    ]
}