List of storage adapters:
  1: LocalAdapter
  2: CdmStandardsAdapter
  3: RemoteAdapter
  4: ADLSAdapter
Pick a number to configure that storage adapter or press [enter] to exit.

Enter a number.
List of storage adapters:
  1: LocalAdapter
  2: CdmStandardsAdapter
  3: RemoteAdapter
  4: ADLSAdapter
Pick a number to configure that storage adapter or press [enter] to exit.
