Resolved_PersonPolymorphicSourceFK/attributeContext/Resolved_PersonPolymorphicSourceFK/contactAt
Resolved_PersonPolymorphicSourceFK/attributeContext/Resolved_PersonPolymorphicSourceFK/contactAt/projection
Resolved_PersonPolymorphicSourceFK/attributeContext/Resolved_PersonPolymorphicSourceFK/contactAt/projection/source
Resolved_PersonPolymorphicSourceFK/attributeContext/Resolved_PersonPolymorphicSourceFK/contactAt/projection/source/ContactKinds
Resolved_PersonPolymorphicSourceFK/attributeContext/Resolved_PersonPolymorphicSourceFK/contactAt/projection/source/ContactKinds/emailKind
Resolved_PersonPolymorphicSourceFK/attributeContext/Resolved_PersonPolymorphicSourceFK/contactAt/projection/source/ContactKinds/emailKind/Email
Resolved_PersonPolymorphicSourceFK/attributeContext/Resolved_PersonPolymorphicSourceFK/contactAt/projection/source/ContactKinds/emailKind/Email/emailId
Resolved_PersonPolymorphicSourceFK/attributeContext/Resolved_PersonPolymorphicSourceFK/contactAt/projection/source/ContactKinds/emailKind/Email/address
Resolved_PersonPolymorphicSourceFK/attributeContext/Resolved_PersonPolymorphicSourceFK/contactAt/projection/source/ContactKinds/emailKind/Email/isPrimary
Resolved_PersonPolymorphicSourceFK/attributeContext/Resolved_PersonPolymorphicSourceFK/contactAt/projection/source/ContactKinds/emailKind/Email/userId
Resolved_PersonPolymorphicSourceFK/attributeContext/Resolved_PersonPolymorphicSourceFK/contactAt/projection/source/ContactKinds/phoneKind
Resolved_PersonPolymorphicSourceFK/attributeContext/Resolved_PersonPolymorphicSourceFK/contactAt/projection/source/ContactKinds/phoneKind/Phone
Resolved_PersonPolymorphicSourceFK/attributeContext/Resolved_PersonPolymorphicSourceFK/contactAt/projection/source/ContactKinds/phoneKind/Phone/phoneId
Resolved_PersonPolymorphicSourceFK/attributeContext/Resolved_PersonPolymorphicSourceFK/contactAt/projection/source/ContactKinds/phoneKind/Phone/number
Resolved_PersonPolymorphicSourceFK/attributeContext/Resolved_PersonPolymorphicSourceFK/contactAt/projection/source/ContactKinds/phoneKind/Phone/isPrimary
Resolved_PersonPolymorphicSourceFK/attributeContext/Resolved_PersonPolymorphicSourceFK/contactAt/projection/source/ContactKinds/phoneKind/Phone/userId
Resolved_PersonPolymorphicSourceFK/attributeContext/Resolved_PersonPolymorphicSourceFK/contactAt/projection/source/ContactKinds/socialKind
Resolved_PersonPolymorphicSourceFK/attributeContext/Resolved_PersonPolymorphicSourceFK/contactAt/projection/source/ContactKinds/socialKind/Social
Resolved_PersonPolymorphicSourceFK/attributeContext/Resolved_PersonPolymorphicSourceFK/contactAt/projection/source/ContactKinds/socialKind/Social/socialId
Resolved_PersonPolymorphicSourceFK/attributeContext/Resolved_PersonPolymorphicSourceFK/contactAt/projection/source/ContactKinds/socialKind/Social/account
Resolved_PersonPolymorphicSourceFK/attributeContext/Resolved_PersonPolymorphicSourceFK/contactAt/projection/source/ContactKinds/socialKind/Social/isPrimary
Resolved_PersonPolymorphicSourceFK/attributeContext/Resolved_PersonPolymorphicSourceFK/contactAt/projection/source/ContactKinds/socialKind/Social/userId
Resolved_PersonPolymorphicSourceFK/attributeContext/Resolved_PersonPolymorphicSourceFK/personId
output:/Resolved_PersonPolymorphicSourceFK.cdm.json/Resolved_PersonPolymorphicSourceFK/attributeContext/Resolved_PersonPolymorphicSourceFK/personId/Resolved_PersonPolymorphicSourceFK/hasAttributes/personId/(ref)
Resolved_PersonPolymorphicSourceFK/attributeContext/Resolved_PersonPolymorphicSourceFK/personName
output:/Resolved_PersonPolymorphicSourceFK.cdm.json/Resolved_PersonPolymorphicSourceFK/attributeContext/Resolved_PersonPolymorphicSourceFK/personName/Resolved_PersonPolymorphicSourceFK/hasAttributes/personName/(ref)
output:/Resolved_PersonPolymorphicSourceFK.cdm.json/Resolved_PersonPolymorphicSourceFK/hasAttributes/personId
is.dataFormat.integer
is.identifiedBy
  [Parameter (Name / DefaultValue): attribute / this.attribute]
  [Argument Value: Resolved_PersonPolymorphicSourceFK/(resolvedAttributes)/personId]
is.dataFormat.integer
output:/Resolved_PersonPolymorphicSourceFK.cdm.json/Resolved_PersonPolymorphicSourceFK/hasAttributes/personName
is.dataFormat.character
is.dataFormat.big
is.dataFormat.array
is.dataFormat.character
is.dataFormat.array
